// Jest Snapshot v1, https://goo.gl/fbAQLP

exports[`<LoadingSpinner /> should renders correctly 1`] = `
<div
  className="css-105nsg"
>
  <div
    className="css-wai5c7"
  >
    <div
      className="sk-cube sk-cube1"
    />
    <div
      className="sk-cube sk-cube2"
    />
    <div
      className="sk-cube sk-cube3"
    />
    <div
      className="sk-cube sk-cube4"
    />
    <div
      className="sk-cube sk-cube5"
    />
    <div
      className="sk-cube sk-cube6"
    />
    <div
      className="sk-cube sk-cube7"
    />
    <div
      className="sk-cube sk-cube8"
    />
    <div
      className="sk-cube sk-cube9"
    />
  </div>
</div>
`;
